// Jest Snapshot v1, https://goo.gl/fbAQLP

exports[`TEST TrackCard should match snapshot 1`] = `[Function]`;
