// Jest Snapshot v1, https://goo.gl/fbAQLP

exports[`TEST TrackList should match snapshot 1`] = `[Function]`;
